Traceback (most recent call last):
  File "C:\Users\elena\anaconda3\envs\libro\Lib\site-packages\jupyter_cache\executors\utils.py", line 58, in single_nb_execution
    executenb(
    ~~~~~~~~~^
        nb,
        ^^^
    ...<4 lines>...
        **kwargs,
        ^^^^^^^^^
    )
    ^
  File "C:\Users\elena\anaconda3\envs\libro\Lib\site-packages\nbclient\client.py", line 1323, in execute
    return NotebookClient(nb=nb, resources=resources, km=km, **kwargs).execute()
           ~~~~~~~~~~~~~~~~~~~~~~~~~~~~~~~~~~~~~~~~~~~~~~~~~~~~~~~~~~~~~~~~~~~^^
  File "C:\Users\elena\anaconda3\envs\libro\Lib\site-packages\jupyter_core\utils\__init__.py", line 165, in wrapped
    return loop.run_until_complete(inner)
           ~~~~~~~~~~~~~~~~~~~~~~~^^^^^^^
  File "C:\Users\elena\anaconda3\envs\libro\Lib\asyncio\base_events.py", line 720, in run_until_complete
    return future.result()
           ~~~~~~~~~~~~~^^
  File "C:\Users\elena\anaconda3\envs\libro\Lib\site-packages\nbclient\client.py", line 709, in async_execute
    await self.async_execute_cell(
        cell, index, execution_count=self.code_cells_executed + 1
    )
  File "C:\Users\elena\anaconda3\envs\libro\Lib\site-packages\nbclient\client.py", line 1062, in async_execute_cell
    await self._check_raise_for_error(cell, cell_index, exec_reply)
  File "C:\Users\elena\anaconda3\envs\libro\Lib\site-packages\nbclient\client.py", line 918, in _check_raise_for_error
    raise CellExecutionError.from_cell_and_msg(cell, exec_reply_content)
nbclient.exceptions.CellExecutionError: An error occurred while executing the following cell:
------------------
numero_studenti = 25  # valido
x2 = 4.5              # valido
_valore = 10          # valido

2x = 5                # non valido: inizia con una cifra
numero-studenti = 25  # non valido: contiene un trattino
for = 3               # non valido: "for" è una parola riservata
------------------


  [36mCell[39m[36m [39m[32mIn[5][39m[32m, line 5[39m
[31m    [39m[31m2x = 5                # non valido: inizia con una cifra[39m
    ^
[31mSyntaxError[39m[31m:[39m invalid decimal literal


