Traceback (most recent call last):
  File "C:\Users\elena\anaconda3\envs\libro\Lib\site-packages\jupyter_cache\executors\utils.py", line 58, in single_nb_execution
    executenb(
    ~~~~~~~~~^
        nb,
        ^^^
    ...<4 lines>...
        **kwargs,
        ^^^^^^^^^
    )
    ^
  File "C:\Users\elena\anaconda3\envs\libro\Lib\site-packages\nbclient\client.py", line 1323, in execute
    return NotebookClient(nb=nb, resources=resources, km=km, **kwargs).execute()
           ~~~~~~~~~~~~~~~~~~~~~~~~~~~~~~~~~~~~~~~~~~~~~~~~~~~~~~~~~~~~~~~~~~~^^
  File "C:\Users\elena\anaconda3\envs\libro\Lib\site-packages\jupyter_core\utils\__init__.py", line 165, in wrapped
    return loop.run_until_complete(inner)
           ~~~~~~~~~~~~~~~~~~~~~~~^^^^^^^
  File "C:\Users\elena\anaconda3\envs\libro\Lib\asyncio\base_events.py", line 720, in run_until_complete
    return future.result()
           ~~~~~~~~~~~~~^^
  File "C:\Users\elena\anaconda3\envs\libro\Lib\site-packages\nbclient\client.py", line 709, in async_execute
    await self.async_execute_cell(
        cell, index, execution_count=self.code_cells_executed + 1
    )
  File "C:\Users\elena\anaconda3\envs\libro\Lib\site-packages\nbclient\client.py", line 1062, in async_execute_cell
    await self._check_raise_for_error(cell, cell_index, exec_reply)
  File "C:\Users\elena\anaconda3\envs\libro\Lib\site-packages\nbclient\client.py", line 918, in _check_raise_for_error
    raise CellExecutionError.from_cell_and_msg(cell, exec_reply_content)
nbclient.exceptions.CellExecutionError: An error occurred while executing the following cell:
------------------
predizioni = []

for x in X_test:
    classe = classifica(x, U0, label0, U1, label1)
    predizioni.append(classe)

predizioni = np.array(predizioni)
print(predizioni)
------------------


[31m---------------------------------------------------------------------------[39m
[31mNameError[39m                                 Traceback (most recent call last)
[36mCell[39m[36m [39m[32mIn[12][39m[32m, line 4[39m
[32m      1[39m predizioni = []
[32m      2[39m 
[32m      3[39m [38;5;28;01mfor[39;00m x [38;5;28;01min[39;00m X_test:
[32m----> [39m[32m4[39m     classe = classifica(x, U0, label0, U1, label1)
[32m      5[39m     predizioni.append(classe)
[32m      6[39m 
[32m      7[39m predizioni = np.array(predizioni)

[31mNameError[39m: name 'U0' is not defined

